// Jest Snapshot v1, https://goo.gl/fbAQLP

exports[`Home renders correctly 1`] = `
<View
  style={
    Object {
      "flex": 1,
      "justifyContent": "center",
      "textAlign": "center",
    }
  }
>
  <View
    accessible={true}
    isTVSelectable={true}
    onResponderGrant={[Function]}
    onResponderMove={[Function]}
    onResponderRelease={[Function]}
    onResponderTerminate={[Function]}
    onResponderTerminationRequest={[Function]}
    onStartShouldSetResponder={[Function]}
    style={
      Object {
        "opacity": 1,
      }
    }
  >
    <View
      accessible={true}
      isTVSelectable={true}
      onResponderGrant={[Function]}
      onResponderMove={[Function]}
      onResponderRelease={[Function]}
      onResponderTerminate={[Function]}
      onResponderTerminationRequest={[Function]}
      onStartShouldSetResponder={[Function]}
      style={
        Array [
          false,
          Array [
            Object {
              "padding": 8,
            },
            undefined,
          ],
        ]
      }
    >
      <View
        style={
          Object {
            "flexDirection": "row",
          }
        }
      >
        <View
          pointerEvents="box-none"
          style={
            Array [
              Object {
                "alignItems": "center",
                "height": 40,
                "justifyContent": "center",
                "margin": 8,
                "width": 40,
              },
              undefined,
            ]
          }
        >
          <Text />
        </View>
        <View
          pointerEvents="none"
          style={
            Array [
              Object {
                "marginVertical": 6,
                "paddingLeft": 8,
              },
              Object {
                "flex": 1,
                "justifyContent": "center",
              },
            ]
          }
        >
          <Text
            numberOfLines={1}
            style={
              Array [
                Object {
                  "color": "#000000",
                  "fontFamily": "System",
                  "fontWeight": "400",
                  "textAlign": "left",
                  "writingDirection": "ltr",
                },
                Array [
                  Object {
                    "fontSize": 16,
                  },
                  Object {
                    "color": "rgba(0, 0, 0, 0.87)",
                  },
                  Object {
                    "color": "black",
                    "fontSize": 20,
                    "fontWeight": "bold",
                  },
                ],
              ]
            }
          >
            Make
          </Text>
          <Text
            numberOfLines={2}
            style={
              Array [
                Object {
                  "color": "#000000",
                  "fontFamily": "System",
                  "fontWeight": "400",
                  "textAlign": "left",
                  "writingDirection": "ltr",
                },
                Array [
                  Object {
                    "fontSize": 14,
                  },
                  Object {
                    "color": "rgba(0, 0, 0, 0.54)",
                  },
                  Object {
                    "color": "black",
                    "fontSize": 16,
                  },
                ],
              ]
            }
          >
            Select a make
          </Text>
        </View>
      </View>
    </View>
  </View>
  <View
    accessible={true}
    isTVSelectable={true}
    onResponderGrant={[Function]}
    onResponderMove={[Function]}
    onResponderRelease={[Function]}
    onResponderTerminate={[Function]}
    onResponderTerminationRequest={[Function]}
    onStartShouldSetResponder={[Function]}
    style={
      Object {
        "opacity": 1,
      }
    }
  >
    <View
      accessible={true}
      isTVSelectable={true}
      onResponderGrant={[Function]}
      onResponderMove={[Function]}
      onResponderRelease={[Function]}
      onResponderTerminate={[Function]}
      onResponderTerminationRequest={[Function]}
      onStartShouldSetResponder={[Function]}
      style={
        Array [
          false,
          Array [
            Object {
              "padding": 8,
            },
            undefined,
          ],
        ]
      }
    >
      <View
        style={
          Object {
            "flexDirection": "row",
          }
        }
      >
        <View
          pointerEvents="box-none"
          style={
            Array [
              Object {
                "alignItems": "center",
                "height": 40,
                "justifyContent": "center",
                "margin": 8,
                "width": 40,
              },
              undefined,
            ]
          }
        >
          <Text />
        </View>
        <View
          pointerEvents="none"
          style={
            Array [
              Object {
                "marginVertical": 6,
                "paddingLeft": 8,
              },
              Object {
                "flex": 1,
                "justifyContent": "center",
              },
            ]
          }
        >
          <Text
            numberOfLines={1}
            style={
              Array [
                Object {
                  "color": "#000000",
                  "fontFamily": "System",
                  "fontWeight": "400",
                  "textAlign": "left",
                  "writingDirection": "ltr",
                },
                Array [
                  Object {
                    "fontSize": 16,
                  },
                  Object {
                    "color": "rgba(0, 0, 0, 0.87)",
                  },
                  Object {
                    "color": "black",
                    "fontSize": 20,
                    "fontWeight": "bold",
                  },
                ],
              ]
            }
          >
            Year
          </Text>
          <Text
            numberOfLines={2}
            style={
              Array [
                Object {
                  "color": "#000000",
                  "fontFamily": "System",
                  "fontWeight": "400",
                  "textAlign": "left",
                  "writingDirection": "ltr",
                },
                Array [
                  Object {
                    "fontSize": 14,
                  },
                  Object {
                    "color": "rgba(0, 0, 0, 0.54)",
                  },
                  Object {
                    "color": "black",
                    "fontSize": 16,
                  },
                ],
              ]
            }
          >
            Select a year
          </Text>
        </View>
      </View>
    </View>
  </View>
  <View
    accessible={true}
    isTVSelectable={true}
    onResponderGrant={[Function]}
    onResponderMove={[Function]}
    onResponderRelease={[Function]}
    onResponderTerminate={[Function]}
    onResponderTerminationRequest={[Function]}
    onStartShouldSetResponder={[Function]}
    style={
      Object {
        "opacity": 1,
      }
    }
  >
    <View
      accessible={true}
      isTVSelectable={true}
      onResponderGrant={[Function]}
      onResponderMove={[Function]}
      onResponderRelease={[Function]}
      onResponderTerminate={[Function]}
      onResponderTerminationRequest={[Function]}
      onStartShouldSetResponder={[Function]}
      style={
        Array [
          false,
          Array [
            Object {
              "padding": 8,
            },
            undefined,
          ],
        ]
      }
    >
      <View
        style={
          Object {
            "flexDirection": "row",
          }
        }
      >
        <View
          pointerEvents="box-none"
          style={
            Array [
              Object {
                "alignItems": "center",
                "height": 40,
                "justifyContent": "center",
                "margin": 8,
                "width": 40,
              },
              undefined,
            ]
          }
        >
          <Text />
        </View>
        <View
          pointerEvents="none"
          style={
            Array [
              Object {
                "marginVertical": 6,
                "paddingLeft": 8,
              },
              Object {
                "flex": 1,
                "justifyContent": "center",
              },
            ]
          }
        >
          <Text
            numberOfLines={1}
            style={
              Array [
                Object {
                  "color": "#000000",
                  "fontFamily": "System",
                  "fontWeight": "400",
                  "textAlign": "left",
                  "writingDirection": "ltr",
                },
                Array [
                  Object {
                    "fontSize": 16,
                  },
                  Object {
                    "color": "rgba(0, 0, 0, 0.87)",
                  },
                  Object {
                    "color": "gray",
                    "fontSize": 20,
                    "fontWeight": "bold",
                  },
                ],
              ]
            }
          >
            Model
          </Text>
          <Text
            numberOfLines={2}
            style={
              Array [
                Object {
                  "color": "#000000",
                  "fontFamily": "System",
                  "fontWeight": "400",
                  "textAlign": "left",
                  "writingDirection": "ltr",
                },
                Array [
                  Object {
                    "fontSize": 14,
                  },
                  Object {
                    "color": "rgba(0, 0, 0, 0.54)",
                  },
                  Object {
                    "color": "gray",
                    "fontSize": 16,
                  },
                ],
              ]
            }
          >
            Avaiable models of a make
          </Text>
        </View>
      </View>
    </View>
  </View>
  <View
    accessible={true}
    isTVSelectable={true}
    onResponderGrant={[Function]}
    onResponderMove={[Function]}
    onResponderRelease={[Function]}
    onResponderTerminate={[Function]}
    onResponderTerminationRequest={[Function]}
    onStartShouldSetResponder={[Function]}
    style={
      Object {
        "opacity": 1,
      }
    }
  >
    <View
      accessible={true}
      isTVSelectable={true}
      onResponderGrant={[Function]}
      onResponderMove={[Function]}
      onResponderRelease={[Function]}
      onResponderTerminate={[Function]}
      onResponderTerminationRequest={[Function]}
      onStartShouldSetResponder={[Function]}
      style={
        Array [
          false,
          Array [
            Object {
              "padding": 8,
            },
            undefined,
          ],
        ]
      }
    >
      <View
        style={
          Object {
            "flexDirection": "row",
          }
        }
      >
        <View
          pointerEvents="box-none"
          style={
            Array [
              Object {
                "alignItems": "center",
                "height": 40,
                "justifyContent": "center",
                "margin": 8,
                "width": 40,
              },
              undefined,
            ]
          }
        >
          <Text />
        </View>
        <View
          pointerEvents="none"
          style={
            Array [
              Object {
                "marginVertical": 6,
                "paddingLeft": 8,
              },
              Object {
                "flex": 1,
                "justifyContent": "center",
              },
            ]
          }
        >
          <Text
            numberOfLines={1}
            style={
              Array [
                Object {
                  "color": "#000000",
                  "fontFamily": "System",
                  "fontWeight": "400",
                  "textAlign": "left",
                  "writingDirection": "ltr",
                },
                Array [
                  Object {
                    "fontSize": 16,
                  },
                  Object {
                    "color": "rgba(0, 0, 0, 0.87)",
                  },
                  Object {
                    "color": "gray",
                    "fontSize": 20,
                    "fontWeight": "bold",
                  },
                ],
              ]
            }
          >
            Trim
          </Text>
          <Text
            numberOfLines={2}
            style={
              Array [
                Object {
                  "color": "#000000",
                  "fontFamily": "System",
                  "fontWeight": "400",
                  "textAlign": "left",
                  "writingDirection": "ltr",
                },
                Array [
                  Object {
                    "fontSize": 14,
                  },
                  Object {
                    "color": "rgba(0, 0, 0, 0.54)",
                  },
                  Object {
                    "color": "gray",
                    "fontSize": 16,
                  },
                ],
              ]
            }
          >
            Avaiable trims of a model
          </Text>
        </View>
      </View>
    </View>
  </View>
  <View
    style={
      Object {
        "alignItems": "center",
        "flex": 1,
        "flexDirection": "row",
        "justifyContent": "space-around",
      }
    }
  >
    <View
      style={
        Object {
          "backgroundColor": "rgba(0, 0, 0, 0.12)",
          "borderColor": "transparent",
          "borderRadius": 4,
          "borderStyle": "solid",
          "borderWidth": 0,
          "elevation": 0,
          "minWidth": 64,
        }
      }
    >
      <View
        accessibilityRole="button"
        accessibilityStates={
          Array [
            "disabled",
          ]
        }
        accessible={true}
        isTVSelectable={true}
        onResponderGrant={[Function]}
        onResponderMove={[Function]}
        onResponderRelease={[Function]}
        onResponderTerminate={[Function]}
        onResponderTerminationRequest={[Function]}
        onStartShouldSetResponder={[Function]}
        style={
          Array [
            Object {
              "overflow": "hidden",
            },
            Object {
              "borderRadius": 4,
            },
          ]
        }
      >
        <View
          style={
            Array [
              Object {
                "alignItems": "center",
                "flexDirection": "row",
                "justifyContent": "center",
              },
              undefined,
            ]
          }
        >
          <View
            style={
              Object {
                "marginLeft": 12,
                "marginRight": -4,
                "width": 16,
              }
            }
          >
            <Text />
          </View>
          <Text
            numberOfLines={1}
            style={
              Array [
                Object {
                  "color": "#000000",
                  "fontFamily": "System",
                  "fontWeight": "400",
                  "textAlign": "left",
                  "writingDirection": "ltr",
                },
                Array [
                  Object {
                    "letterSpacing": 1,
                    "marginHorizontal": 16,
                    "marginVertical": 9,
                    "textAlign": "center",
                  },
                  undefined,
                  Object {
                    "textTransform": "uppercase",
                  },
                  Object {
                    "color": "rgba(0, 0, 0, 0.32)",
                    "fontFamily": "System",
                    "fontWeight": "500",
                  },
                  Object {
                    "fontFamily": "System",
                    "fontWeight": "500",
                  },
                  undefined,
                ],
              ]
            }
          >
            show details
          </Text>
        </View>
      </View>
    </View>
    <View
      style={
        Object {
          "backgroundColor": "lightgray",
          "borderColor": "transparent",
          "borderRadius": 4,
          "borderStyle": "solid",
          "borderWidth": 0,
          "elevation": 2,
          "minWidth": 64,
          "shadowColor": "#000000",
          "shadowOffset": Object {
            "height": 0.75,
            "width": 0,
          },
          "shadowOpacity": 0.24,
          "shadowRadius": 1.5,
        }
      }
    >
      <View
        accessibilityRole="button"
        accessibilityStates={Array []}
        accessible={true}
        isTVSelectable={true}
        onResponderGrant={[Function]}
        onResponderMove={[Function]}
        onResponderRelease={[Function]}
        onResponderTerminate={[Function]}
        onResponderTerminationRequest={[Function]}
        onStartShouldSetResponder={[Function]}
        style={
          Array [
            Object {
              "overflow": "hidden",
            },
            Object {
              "borderRadius": 4,
            },
          ]
        }
      >
        <View
          style={
            Array [
              Object {
                "alignItems": "center",
                "flexDirection": "row",
                "justifyContent": "center",
              },
              undefined,
            ]
          }
        >
          <View
            style={
              Object {
                "marginLeft": 12,
                "marginRight": -4,
                "width": 16,
              }
            }
          >
            <Text />
          </View>
          <Text
            numberOfLines={1}
            style={
              Array [
                Object {
                  "color": "#000000",
                  "fontFamily": "System",
                  "fontWeight": "400",
                  "textAlign": "left",
                  "writingDirection": "ltr",
                },
                Array [
                  Object {
                    "letterSpacing": 1,
                    "marginHorizontal": 16,
                    "marginVertical": 9,
                    "textAlign": "center",
                  },
                  undefined,
                  Object {
                    "textTransform": "uppercase",
                  },
                  Object {
                    "color": "#000000",
                    "fontFamily": "System",
                    "fontWeight": "500",
                  },
                  Object {
                    "fontFamily": "System",
                    "fontWeight": "500",
                  },
                  undefined,
                ],
              ]
            }
          >
            reset
          </Text>
        </View>
      </View>
    </View>
  </View>
</View>
`;
