// Jest Snapshot v1, https://goo.gl/fbAQLP

exports[`Home renders correctly 1`] = `
<View
  style={
    Object {
      "flex": 1,
      "justifyContent": "center",
      "textAlign": "center",
    }
  }
>
  <TouchableOpacity
    activeOpacity={0.2}
  >
    <withTheme(List.Item)
      button={true}
      description="Select a make"
      descriptionStyle={
        Object {
          "color": "black",
          "fontSize": 16,
        }
      }
      id="li-make"
      left={[Function]}
      onPress={[Function]}
      title="Make"
      titleStyle={
        Object {
          "color": "black",
          "fontSize": 20,
          "fontWeight": "bold",
        }
      }
    />
  </TouchableOpacity>
  <TouchableOpacity
    activeOpacity={0.2}
  >
    <withTheme(List.Item)
      button={true}
      description="Select a year"
      descriptionStyle={
        Object {
          "color": "black",
          "fontSize": 16,
        }
      }
      id="li-year"
      left={[Function]}
      onPress={[Function]}
      title="Year"
      titleStyle={
        Object {
          "color": "black",
          "fontSize": 20,
          "fontWeight": "bold",
        }
      }
    />
  </TouchableOpacity>
  <TouchableOpacity
    activeOpacity={0.2}
  >
    <withTheme(List.Item)
      button={true}
      description="Avaiable models of a make"
      descriptionStyle={
        Object {
          "color": "gray",
          "fontSize": 16,
        }
      }
      disabled={true}
      id="li-model"
      left={[Function]}
      onPress={[Function]}
      title="Model"
      titleStyle={
        Object {
          "color": "gray",
          "fontSize": 20,
          "fontWeight": "bold",
        }
      }
    />
  </TouchableOpacity>
  <TouchableOpacity
    activeOpacity={0.2}
  >
    <withTheme(List.Item)
      button={true}
      description="Avaiable trims of a model"
      descriptionStyle={
        Object {
          "color": "gray",
          "fontSize": 16,
        }
      }
      disabled={true}
      id="li-trim"
      left={[Function]}
      onPress={[Function]}
      title="Trim"
      titleStyle={
        Object {
          "color": "gray",
          "fontSize": 20,
          "fontWeight": "bold",
        }
      }
    />
  </TouchableOpacity>
  <View
    style={
      Object {
        "alignItems": "center",
        "flex": 1,
        "flexDirection": "row",
        "justifyContent": "space-around",
      }
    }
  >
    <withTheme(Button)
      color="orange"
      disabled={true}
      icon="check"
      id="button-details"
      mode="contained"
      onPress={[Function]}
    >
      show details
    </withTheme(Button)>
    <withTheme(Button)
      color="lightgray"
      icon="close"
      id="button-reset"
      mode="contained"
      onPress={[Function]}
    >
      reset
    </withTheme(Button)>
  </View>
</View>
`;
